MSBUILD : error MSB1009: Project file does not exist.
Switch: Trs80.Level1Basic.Interpreter.Test.csproj
